[getbootstrap.com/index.html]
[backblue.gif]
[fade.gif]
[index.html]
[getbootstrap.com/dist/css/bootstrap.min.css]
[getbootstrap.com/assets/css/docs.min.css]
[getbootstrap.com/assets/js/ie-emulation-modes-warning.js]
[getbootstrap.com/apple-touch-icon.png]
[getbootstrap.com/favicon.ico]
[www.google-analytics.com/analytics.js]
[getbootstrap.com/getting-started/index.html]
[getbootstrap.com/components/index.html]
[getbootstrap.com/css/index.html]
[getbootstrap.com/customize/index.html]
[getbootstrap.com/assets/img/sass-less.png]
[getbootstrap.com/javascript/index.html]
[getbootstrap.com/assets/img/devices.png]
[getbootstrap.com/assets/img/components.png]
[expo.getbootstrap.com/thumbs/lyft-thumb.jpg]
[expo.getbootstrap.com/thumbs/vogue-thumb.jpg]
[expo.getbootstrap.com/thumbs/riot-thumb.jpg]
[expo.getbootstrap.com/thumbs/newsweek-thumb.jpg]
[getbootstrap.com/about/index.html]
[getbootstrap.com/2.3.2/index.html]
[getbootstrap.com/dist/js/bootstrap.min.js]
[getbootstrap.com/assets/js/ie10-viewport-bug-workaround.js]
[getbootstrap.com/assets/js/docs.min.js]
[secure.gaug.es/track.js]
[getbootstrap.com/index.html]
[platform.twitter.com/widgets.js]
[getbootstrap.com/dist/fonts/glyphicons-halflings-regular.eot]
[getbootstrap.com/dist/fonts/glyphicons-halflings-regular.woff2]
[getbootstrap.com/dist/fonts/glyphicons-halflings-regulard41d.eot]
[getbootstrap.com/dist/fonts/glyphicons-halflings-regular.woff]
[getbootstrap.com/dist/css/bootstrap.min.css]
[getbootstrap.com/assets/css/docs.min.css]
[getbootstrap.com/examples/screenshots/starter-template.jpg]
[getbootstrap.com/dist/fonts/glyphicons-halflings-regular.svg]
[getbootstrap.com/examples/starter-template/index.html]
[getbootstrap.com/dist/fonts/glyphicons-halflings-regular.ttf]
[getbootstrap.com/examples/screenshots/theme.jpg]
[getbootstrap.com/examples/theme/index.html]
[getbootstrap.com/examples/screenshots/grid.jpg]
[getbootstrap.com/examples/grid/index.html]
[getbootstrap.com/examples/screenshots/jumbotron.jpg]
[getbootstrap.com/examples/jumbotron/index.html]
[getbootstrap.com/examples/screenshots/jumbotron-narrow.jpg]
[getbootstrap.com/examples/jumbotron-narrow/index.html]
[getbootstrap.com/examples/screenshots/navbar.jpg]
[getbootstrap.com/examples/navbar/index.html]
[getbootstrap.com/examples/screenshots/navbar-static.jpg]
[getbootstrap.com/examples/navbar-static-top/index.html]
[getbootstrap.com/examples/screenshots/navbar-fixed.jpg]
[getbootstrap.com/examples/navbar-fixed-top/index.html]
[getbootstrap.com/examples/screenshots/cover.jpg]
[getbootstrap.com/examples/cover/index.html]
[getbootstrap.com/examples/screenshots/carousel.jpg]
[getbootstrap.com/examples/carousel/index.html]
[getbootstrap.com/examples/screenshots/blog.jpg]
[getbootstrap.com/examples/blog/index.html]
[getbootstrap.com/examples/screenshots/dashboard.jpg]
[getbootstrap.com/examples/dashboard/index.html]
[getbootstrap.com/examples/screenshots/sign-in.jpg]
[getbootstrap.com/examples/signin/index.html]
[getbootstrap.com/examples/screenshots/justified-nav.jpg]
[getbootstrap.com/examples/justified-nav/index.html]
[getbootstrap.com/examples/screenshots/sticky-footer.jpg]
[getbootstrap.com/examples/sticky-footer/index.html]
[getbootstrap.com/examples/screenshots/sticky-footer-navbar.jpg]
[getbootstrap.com/examples/sticky-footer-navbar/index.html]
[getbootstrap.com/examples/screenshots/non-responsive.jpg]
[getbootstrap.com/examples/non-responsive/index.html]
[getbootstrap.com/examples/screenshots/offcanvas.jpg]
[getbootstrap.com/examples/offcanvas/index.html]
[getbootstrap.com/getting-started/index.html]
[getbootstrap.com/migration/index.html]
[getbootstrap.com/browser-bugs/index.html]
[getbootstrap.com/css/index.html]
[getbootstrap.com/components/index.html]
[getbootstrap.com/javascript/index.html]
[getbootstrap.com/customize/index.html]
[getbootstrap.com/2.3.2/assets/css/bootstrap.css]
[getbootstrap.com/2.3.2/assets/css/bootstrap-responsive.css]
[getbootstrap.com/2.3.2/assets/css/docs.css]
[getbootstrap.com/2.3.2/assets/js/google-code-prettify/prettify.css]
[getbootstrap.com/2.3.2/assets/ico/apple-touch-icon-144-precomposed.png]
[getbootstrap.com/2.3.2/assets/ico/apple-touch-icon-114-precomposed.png]
[getbootstrap.com/2.3.2/assets/ico/apple-touch-icon-72-precomposed.png]
[getbootstrap.com/2.3.2/assets/ico/apple-touch-icon-57-precomposed.png]
[getbootstrap.com/2.3.2/assets/ico/favicon.png]
[getbootstrap.com/2.3.2/index-2.html]
[getbootstrap.com/2.3.2/getting-started.html]
[getbootstrap.com/2.3.2/scaffolding.html]
[getbootstrap.com/2.3.2/components.html]
[getbootstrap.com/2.3.2/javascript.html]
[getbootstrap.com/2.3.2/base-css.html]
[getbootstrap.com/2.3.2/customize.html]
[getbootstrap.com/2.3.2/assets/bootstrap.zip]
[getbootstrap.com/2.3.2/extend.html]
[getbootstrap.com/2.3.2/assets/img/bs-docs-twitter-github.png]
[getbootstrap.com/2.3.2/assets/img/bs-docs-responsive-illustrations.png]
[getbootstrap.com/2.3.2/assets/img/bs-docs-bootstrap-features.png]
[getbootstrap.com/2.3.2/assets/img/example-sites/soundready.png]
[getbootstrap.com/2.3.2/assets/img/example-sites/kippt.png]
[getbootstrap.com/2.3.2/assets/img/example-sites/gathercontent.png]
[getbootstrap.com/2.3.2/assets/img/example-sites/jshint.png]
[getbootstrap.com/assets/js/customize.min.js]
[getbootstrap.com/2.3.2/assets/js/bootstrap-transition.js]
[getbootstrap.com/2.3.2/assets/js/jquery.js]
[getbootstrap.com/2.3.2/assets/js/bootstrap-alert.js]
[getbootstrap.com/2.3.2/assets/js/bootstrap-modal.js]
[getbootstrap.com/2.3.2/assets/js/bootstrap-dropdown.js]
[getbootstrap.com/2.3.2/assets/js/bootstrap-scrollspy.js]
[getbootstrap.com/2.3.2/assets/js/bootstrap-tab.js]
[getbootstrap.com/2.3.2/assets/js/bootstrap-tooltip.js]
[getbootstrap.com/2.3.2/assets/js/bootstrap-popover.js]
[getbootstrap.com/2.3.2/assets/js/bootstrap-button.js]
[getbootstrap.com/2.3.2/assets/js/bootstrap-collapse.js]
[getbootstrap.com/2.3.2/assets/js/bootstrap-typeahead.js]
[getbootstrap.com/2.3.2/assets/js/bootstrap-carousel.js]
[getbootstrap.com/2.3.2/assets/js/bootstrap-affix.js]
[getbootstrap.com/2.3.2/assets/js/holder/holder.js]
[getbootstrap.com/2.3.2/index.html]
[getbootstrap.com/2.3.2/assets/js/application.js]
[getbootstrap.com/assets/brand/bootstrap-solid.svg]
[getbootstrap.com/2.3.2/assets/js/google-code-prettify/prettify.js]
[getbootstrap.com/assets/brand/bootstrap-outline.svg]
[getbootstrap.com/about/index.html]
[getbootstrap.com/assets/brand/bootstrap-punchout.svg]
[ajax.googleapis.com/ajax/libs/jquery/1.11.2/jquery.min.js]
[getbootstrap.com/track.5b.delayed]
[getbootstrap.com/track.5c.delayed]
[secure.gaug.es/track.js]
[getbootstrap.com/dist/fonts/glyphicons-halflings-regular.svg]
[getbootstrap.com/examples/starter-template/index.html]
[getbootstrap.com/examples/starter-template/starter-template.css]
[getbootstrap.com/dist/css/bootstrap-theme.min.css]
[getbootstrap.com/examples/theme/index.html]
[getbootstrap.com/examples/theme/theme.css]
[getbootstrap.com/examples/grid/index.html]
[getbootstrap.com/examples/grid/grid.css]
[getbootstrap.com/examples/jumbotron/index.html]
[getbootstrap.com/examples/jumbotron/jumbotron.css]
[getbootstrap.com/examples/jumbotron-narrow/index.html]
[getbootstrap.com/examples/jumbotron-narrow/jumbotron-narrow.css]
[getbootstrap.com/examples/navbar/index.html]
[getbootstrap.com/examples/navbar/navbar.css]
[getbootstrap.com/examples/navbar-static-top/index.html]
[getbootstrap.com/examples/navbar-static-top/navbar-static-top.css]
[getbootstrap.com/examples/navbar-fixed-top/index.html]
[getbootstrap.com/examples/navbar-fixed-top/navbar-fixed-top.css]
[getbootstrap.com/examples/cover/index.html]
[getbootstrap.com/examples/cover/cover.css]
[getbootstrap.com/examples/carousel/carousel.css]
[getbootstrap.com/examples/carousel/index.html]
[getbootstrap.com/assets/js/vendor/holder.js]
[getbootstrap.com/examples/blog/index.html]
[getbootstrap.com/examples/blog/blog.css]
[getbootstrap.com/examples/dashboard/index.html]
[getbootstrap.com/examples/dashboard/dashboard.css]
[getbootstrap.com/examples/signin/index.html]
[getbootstrap.com/examples/signin/signin.css]
[getbootstrap.com/examples/justified-nav/index.html]
[getbootstrap.com/examples/justified-nav/justified-nav.css]
[getbootstrap.com/examples/sticky-footer/sticky-footer.css]
[getbootstrap.com/examples/sticky-footer/index.html]
[getbootstrap.com/examples/sticky-footer-navbar/sticky-footer-navbar.css]
[getbootstrap.com/examples/sticky-footer-navbar/index.html]
[getbootstrap.com/examples/non-responsive/index.html]
[getbootstrap.com/examples/offcanvas/offcanvas.css]
[getbootstrap.com/examples/non-responsive/non-responsive.css]
[getbootstrap.com/examples/offcanvas/index.html]
[getbootstrap.com/migration/index.html]
[getbootstrap.com/browser-bugs/index.html]
[getbootstrap.com/examples/offcanvas/offcanvas.js]
[getbootstrap.com/2.3.2/assets/img/glyphicons-halflings.png]
[getbootstrap.com/2.3.2/assets/img/glyphicons-halflings-white.png]
[getbootstrap.com/2.3.2/assets/css/bootstrap.css]
[getbootstrap.com/2.3.2/assets/css/bootstrap-responsive.css]
[getbootstrap.com/2.3.2/assets/img/bs-docs-masthead-pattern.png]
[getbootstrap.com/2.3.2/assets/css/docs.css]
[getbootstrap.com/2.3.2/assets/js/google-code-prettify/prettify.css]
[getbootstrap.com/2.3.2/index-2.html]
[getbootstrap.com/2.3.2/examples/starter-template.html]
[getbootstrap.com/2.3.2/assets/img/examples/bootstrap-example-starter.png]
[getbootstrap.com/2.3.2/examples/hero.html]
[getbootstrap.com/2.3.2/assets/img/examples/bootstrap-example-marketing.png]
[getbootstrap.com/2.3.2/examples/fluid.html]
[getbootstrap.com/2.3.2/assets/img/examples/bootstrap-example-fluid.png]
[getbootstrap.com/2.3.2/examples/marketing-narrow.html]
[getbootstrap.com/2.3.2/assets/img/examples/bootstrap-example-marketing-narrow.png]
[getbootstrap.com/2.3.2/examples/justified-nav.html]
[getbootstrap.com/2.3.2/assets/img/examples/bootstrap-example-justified-nav.png]
[getbootstrap.com/2.3.2/examples/signin.html]
[getbootstrap.com/2.3.2/assets/img/examples/bootstrap-example-signin.png]
[getbootstrap.com/2.3.2/examples/sticky-footer.html]
[getbootstrap.com/2.3.2/assets/img/examples/bootstrap-example-sticky-footer.png]
[getbootstrap.com/2.3.2/examples/carousel.html]
[getbootstrap.com/2.3.2/assets/img/examples/bootstrap-example-carousel.png]
[getbootstrap.com/2.3.2/getting-started.html]
[getbootstrap.com/2.3.2/assets/img/responsive-illustrations.png]
[getbootstrap.com/2.3.2/scaffolding.html]
[getbootstrap.com/2.3.2/base-css.html]
[getbootstrap.com/2.3.2/components.html]
[getbootstrap.com/2.3.2/assets/img/bootstrap-mdo-sfmoma-01.jpg]
[getbootstrap.com/2.3.2/assets/img/bootstrap-mdo-sfmoma-02.jpg]
[getbootstrap.com/2.3.2/assets/img/bootstrap-mdo-sfmoma-03.jpg]
[getbootstrap.com/2.3.2/javascript.html]
[getbootstrap.com/2.3.2/customize.html]
[getbootstrap.com/2.3.2/assets/img/less-logo-large.png]
[getbootstrap.com/2.3.2/extend.html]
[getbootstrap.com/assets/brand/bootstrap-solid.svg]
[getbootstrap.com/assets/brand/bootstrap-outline.svg]
[getbootstrap.com/assets/brand/bootstrap-punchout.svg]
[getbootstrap.com/track.html]
[getbootstrap.com/track-2.html]
[getbootstrap.com/examples/starter-template/starter-template.css]
[getbootstrap.com/dist/css/bootstrap-theme.min.css]
[getbootstrap.com/examples/theme/theme.css]
[getbootstrap.com/examples/grid/grid.css]
[getbootstrap.com/examples/jumbotron/jumbotron.css]
[getbootstrap.com/examples/jumbotron-narrow/jumbotron-narrow.css]
[getbootstrap.com/examples/navbar/navbar.css]
[getbootstrap.com/examples/navbar-static-top/navbar-static-top.css]
[getbootstrap.com/examples/navbar-fixed-top/navbar-fixed-top.css]
[getbootstrap.com/examples/cover/cover.css]
[getbootstrap.com/examples/carousel/carousel.css]
[getbootstrap.com/examples/blog/blog.css]
[getbootstrap.com/examples/dashboard/dashboard.css]
[getbootstrap.com/examples/signin/signin.css]
[getbootstrap.com/examples/justified-nav/justified-nav.css]
[getbootstrap.com/examples/sticky-footer/sticky-footer.css]
[getbootstrap.com/examples/sticky-footer-navbar/sticky-footer-navbar.css]
[getbootstrap.com/examples/non-responsive/non-responsive.css]
[getbootstrap.com/examples/offcanvas/offcanvas.css]
[getbootstrap.com/2.3.2/examples/starter-template.html]
[getbootstrap.com/2.3.2/examples/hero.html]
[getbootstrap.com/2.3.2/examples/fluid.html]
[getbootstrap.com/2.3.2/examples/marketing-narrow.html]
[getbootstrap.com/2.3.2/examples/justified-nav.html]
[getbootstrap.com/2.3.2/examples/signin.html]
[getbootstrap.com/2.3.2/examples/sticky-footer.html]
[getbootstrap.com/2.3.2/examples/sticky-footer-navbar.html]
[getbootstrap.com/2.3.2/assets/img/examples/slide-01.jpg]
[getbootstrap.com/2.3.2/assets/img/examples/slide-02.jpg]
[getbootstrap.com/2.3.2/assets/img/examples/slide-03.jpg]
[getbootstrap.com/2.3.2/assets/img/examples/browser-icon-chrome.png]
[getbootstrap.com/2.3.2/assets/img/examples/browser-icon-firefox.png]
[getbootstrap.com/2.3.2/assets/img/examples/browser-icon-safari.png]
[getbootstrap.com/2.3.2/examples/carousel.html]
[getbootstrap.com/2.3.2/examples/sticky-footer-navbar.html]
